SQL> 
SQL> drop role orax;
drop role orax
          *
ERRORE alla riga 1:
ORA-01919: il ruolo 'ORAX' non esiste 


SQL> create role orax;

Ruolo creato.

SQL> grant alter session to orax;

Concessione riuscita.

SQL> grant create session to orax;

Concessione riuscita.

SQL> grant create table to orax;

Concessione riuscita.

SQL> grant create view to orax;

Concessione riuscita.

SQL> grant create sequence to orax;

Concessione riuscita.

SQL> grant create synonym to orax;

Concessione riuscita.

SQL> grant create procedure to orax;

Concessione riuscita.

SQL> grant create trigger to orax;

Concessione riuscita.

SQL> grant create type to orax;

Concessione riuscita.

SQL> grant query rewrite to orax;

Concessione riuscita.

SQL> grant create any index to orax;

Concessione riuscita.

SQL> grant create role to orax;

Concessione riuscita.

SQL> grant create user to orax;

Concessione riuscita.

SQL> grant create any directory to orax;

Concessione riuscita.

SQL> grant drop public synonym to orax;

Concessione riuscita.

SQL> grant create public synonym to orax;

Concessione riuscita.

SQL> grant create job to orax;

Concessione riuscita.

SQL> grant manage scheduler to orax;

Concessione riuscita.

SQL> 
SQL> grant execute on sys.dbms_stats to orax;

Concessione riuscita.

SQL> 
SQL> GRANT DEBUG CONNECT SESSION TO orax;

Concessione riuscita.

SQL> GRANT DEBUG ANY PROCEDURE TO orax;

Concessione riuscita.

SQL> GRANT EXECUTE ANY PROCEDURE TO orax;

Concessione riuscita.

SQL> 
SQL> drop user ora1 cascade;
drop user ora1 cascade
          *
ERRORE alla riga 1:
ORA-01918: l'utente 'ORA1' non esiste 


SQL> create user ora1 identified by ora1;

Utente creato.

SQL> grant orax to ora1;

Concessione riuscita.

SQL> grant create job to ora1;

Concessione riuscita.

SQL> grant create table to ora1;

Concessione riuscita.

SQL> alter user ora1 default tablespace users temporary tablespace temp
  2  quota unlimited on users;

Utente modificato.

SQL> 
SQL> drop user ora21 cascade;
drop user ora21 cascade
          *
ERRORE alla riga 1:
ORA-01918: l'utente 'ORA21' non esiste 


SQL> create user ora21 identified by ora21;

Utente creato.

SQL> grant orax to ora21;

Concessione riuscita.

SQL> grant create job to ora21;

Concessione riuscita.

SQL> grant create table to ora21;

Concessione riuscita.

SQL> alter user ora21 default tablespace users temporary tablespace temp
  2  quota unlimited on users;

Utente modificato.

SQL> 
SQL> drop user ora22 cascade;
drop user ora22 cascade
          *
ERRORE alla riga 1:
ORA-01918: l'utente 'ORA22' non esiste 


SQL> create user ora22 identified by ora22;

Utente creato.

SQL> grant orax to ora22;

Concessione riuscita.

SQL> grant create job to ora22;

Concessione riuscita.

SQL> grant create table to ora22;

Concessione riuscita.

SQL> alter user ora22 default tablespace users temporary tablespace temp
  2  quota unlimited on users;

Utente modificato.

SQL> 
SQL> drop user ora23 cascade;
drop user ora23 cascade
          *
ERRORE alla riga 1:
ORA-01918: l'utente 'ORA23' non esiste 


SQL> create user ora23 identified by ora23;

Utente creato.

SQL> grant orax to ora23;

Concessione riuscita.

SQL> grant create job to ora23;

Concessione riuscita.

SQL> grant create table to ora23;

Concessione riuscita.

SQL> alter user ora23 default tablespace users temporary tablespace temp
  2  quota unlimited on users;

Utente modificato.

SQL> 
SQL> spool off
